/****************************/
  Function Call Tree
/****************************/

  Root Function: main
  Link Data Base Path: "D:\develop\viewrep\"
  Maximun Levels: 20
  Creation: 08/02/98 12:09:25
  * Definition

    (1)      ÄÂÄ main	- " "(0:0)  *"viewrep.c"(275:13)
    (2)       ÃÄÄÄ InitializeApplication	- "viewrep.c"(317:3)  *viewrep.c(875:13)
    (3)       ÃÄÂÄ CreateMainWindow	- "viewrep.c"(392:3)  *"viewrep.c"(1043:15)
    (4)       ³ ÀÄÂÄ fnwpMainWindow	- "viewrep.c"(1051:11)  *"viewrep.c"(1088:19)
    (5)       ³   ÃÄÂÄ GpfDefWindowProc	- "viewrep.c"(1115:14)  *"viewrep.c"(470:18)
    (6)       ³   ³ ÀÄÄÄ GpfDisplayHelp	- "viewrep.c"(686:9)  *viewrep.c(754:15)
              ³   ³
    (7)       ³   ÀÄÂÄ ProcessMainWindow	- "viewrep.c"(1139:15)  *"viewrep.c"(1178:16)
    (8)       ³     ÃÄÄÄ GpfDefWindowProc	- "viewrep.c"(1191:2)  -SEE: (5)
    (9)       ³     ÃÄÂÄ WmInitWndMainWindow	- "viewrep.c"(1193:2)  *"viewrep.c"(917:13)
    (10)      ³     ³ ÃÄÂÄ view_fill	- "viewrep.c"(920:2)  *"viewfill.c"(125:6)
    (11)      ³     ³ ³ ÀÄÂÄ view_fill_sub	- "viewfill.c"(128:19)  *"viewfill.c"(134:13)
    (12)      ³     ³ ³   ÃÄÄÄ init_queue	- "viewfill.c"(144:5)  *queue.c(20:6)
    (13)      ³     ³ ³   ÃÄÂÄ squeeze	- "viewfill.c"(150:9)  *"viewfill.c"(228:14)
    (14)      ³     ³ ³   ³ ÀÄÄÄ enqueue	- "viewfill.c"(251:9)  *queue.c(28:5)
              ³     ³ ³   ³
    (15)      ³     ³ ³   ÀÄÄÄ make_line	- "viewfill.c"(160:13)  *viewfill.c(284:13)
              ³     ³ ³
    (16)      ³     ³ ÃÄÂÄ view_title	- "viewrep.c"(921:2)  *"viewfill.c"(54:6)
    (17)      ³     ³ ³ ÀÄÄÄ view_title_sub	- "viewfill.c"(88:9)  *viewfill.c(95:13)
              ³     ³ ³
    (18)      ³     ³ ÀÄÂÄ prof_make_siz_pos	- "viewrep.c"(922:2)  *"profile.c"(68:6)
    (19)      ³     ³   ÃÄÂÄ prof_open	- "profile.c"(70:5)  *"profile.c"(30:13)
    (20)      ³     ³   ³ ÀÄÄÄ path_from_env	- "profile.c"(35:23)  *profile.c(106:14)
              ³     ³   ³
    (21)      ³     ³   ÃÄÄÄ prof_read_int	- "profile.c"(73:18)  *profile.c(44:12)
    (22)      ³     ³   ÃÄÄÄ prof_read_int	- "profile.c"(74:18)  -SEE: (21)
    (23)      ³     ³   ÃÄÄÄ prof_read_int	- "profile.c"(75:18)  -SEE: (21)
    (24)      ³     ³   ÀÄÄÄ prof_read_int	- "profile.c"(76:18)  -SEE: (21)
              ³     ³
    (25)      ³     ÃÄÂÄ WmDestroyMainWindow	- "viewrep.c"(1221:2)  *"viewrep.c"(942:13)
    (26)      ³     ³ ÀÄÂÄ prof_save_siz_pos	- "viewrep.c"(945:2)  *"profile.c"(87:6)
    (27)      ³     ³   ÃÄÄÄ prof_open	- "profile.c"(89:5)  -SEE: (19)
    (28)      ³     ³   ÃÄÄÄ prof_save_int	- "profile.c"(94:9)  *profile.c(55:13)
    (29)      ³     ³   ÃÄÄÄ prof_save_int	- "profile.c"(95:9)  -SEE: (28)
    (30)      ³     ³   ÃÄÄÄ prof_save_int	- "profile.c"(96:9)  -SEE: (28)
    (31)      ³     ³   ÀÄÄÄ prof_save_int	- "profile.c"(97:9)  -SEE: (28)
              ³     ³
    (32)      ³     ÃÄÄÄ GpfDefWindowProc	- "viewrep.c"(1225:9)  -SEE: (5)
    (33)      ³     ÃÄÄÄ GpfDefWindowProc	- "viewrep.c"(1240:9)  -SEE: (5)
    (34)      ³     ÃÄÂÄ CommandMainWindow	- "viewrep.c"(1254:5)  *"viewrep.c"(1327:13)
    (35)      ³     ³ ÃÄÄÄ ActionListBox	- "viewrep.c"(1340:3)  *viewrep.c(1452:13)
    (36)      ³     ³ ÃÄÄÄ ActionActionExit	- "viewrep.c"(1347:3)  *viewrep.c(1378:13)
    (37)      ³     ³ ÀÄÂÄ ActionActionPrint	- "viewrep.c"(1354:3)  *"viewrep.c"(1412:13)
    (38)      ³     ³   ÀÄÂÄ view_print	- "viewrep.c"(1428:2)  *"viewfill.c"(177:6)
    (39)      ³     ³     ÀÄÂÄ view_print_sub	- "viewfill.c"(180:19)  *"viewfill.c"(186:13)
    (40)      ³     ³       ÃÄÂÄ absorb	- "viewfill.c"(208:21)  *"viewfill.c"(261:14)
    (41)      ³     ³       ³ ÀÄÄÄ dequeue	- "viewfill.c"(274:22)  *queue.c(53:7)
              ³     ³       ³
    (42)      ³     ³       ÃÄÄÄ GpfSendMsg	- "viewfill.c"(213:13)  *viewrep.c(797:16)
    (43)      ³     ³       ÀÄÄÄ GpfSendMsg	- "viewfill.c"(216:13)  -SEE: (42)
              ³     ³
    (44)      ³     ÃÄÄÄ CommandMainWindow	- "viewrep.c"(1265:2)  -SEE: (34)
    (45)      ³     ÃÄÄÄ CommandMainWindow	- "viewrep.c"(1279:2)  -SEE: (34)
    (46)      ³     ÃÄÄÄ GpfDefWindowProc	- "viewrep.c"(1281:13)  -SEE: (5)
    (47)      ³     ÃÄÄÄ CommandMainWindow	- "viewrep.c"(1292:2)  -SEE: (34)
    (48)      ³     ÀÄÄÄ GpfDefWindowProc	- "viewrep.c"(1303:9)  -SEE: (5)
              ³
    (49)      ÃÄÂÄ ShowMainWindow	- "viewrep.c"(423:3)  *"viewrep.c"(964:15)
    (50)      ³ ÀÄÂÄ AsynShowMainWindow	- "viewrep.c"(966:34)  *"viewrep.c"(986:15)
    (51)      ³   ÀÄÄÄ CreateMainWindow	- "viewrep.c"(990:2)  -SEE: (3)
              ³
    (52)      ÀÄÄÄ EndApplication	- "viewrep.c"(433:6)  *viewrep.c(896:13)
